[bennett-wix-next.vercel.app/index.html]
[bennett-wix-next.vercel.app/_next/static/media/71893a6317b7d1e3-s.p.ttf]
[bennett-wix-next.vercel.app/_next/static/media/a34f9d1faa5f3315-s.p.woff2]
[bennett-wix-next.vercel.app/_next/static/css/dbaca0ed66797db8.css]
[bennett-wix-next.vercel.app/_next/static/chunks/webpack-aff7a4413f8de962.js]
[bennett-wix-next.vercel.app/_next/static/chunks/fd9d1056-96becd60ffeba6a0.js]
[bennett-wix-next.vercel.app/_next/static/chunks/117-e87d2b8bf2821147.js]
[bennett-wix-next.vercel.app/_next/static/chunks/main-app-2dcde4753ea0d175.js]
[bennett-wix-next.vercel.app/_next/static/chunks/648-d71c0da9c83ed2af.js]
[bennett-wix-next.vercel.app/_next/static/chunks/755-2d7d732479bd1500.js]
[bennett-wix-next.vercel.app/_next/static/chunks/279-c3f011a3126737db.js]
[bennett-wix-next.vercel.app/_next/static/chunks/921-c83fe32fc7c25af0.js]
[bennett-wix-next.vercel.app/_next/static/chunks/app/page-7f3240ef6774eaf5.js]
[backblue.gif]
[fade.gif]
[index.html]
[bennett-wix-next.vercel.app/_next/static/chunks/app/layout-4a7166b087f6aaa6.js]
[bennett-wix-next.vercel.app/favicon.ico]
[bennett-wix-next.vercel.app/_next/static/chunks/polyfills-42372ed130431b0a.js]
[bennett-wix-next.vercel.app/photos.html]
[bennett-wix-next.vercel.app/videos.html]
[bennett-wix-next.vercel.app/modeling.html]
[bennett-wix-next.vercel.app/index.html]
[bennett-wix-next.vercel.app/about.html]
[bennett-wix-next.vercel.app/_next/static/media/55c55f0601d81cf3-s.woff2]
[bennett-wix-next.vercel.app/_next/static/media/26a46d62cd723877-s.woff2]
[bennett-wix-next.vercel.app/_next/static/media/97e0cb1ae144a2a9-s.woff2]
[bennett-wix-next.vercel.app/_next/static/media/581909926a08bbc8-s.woff2]
[bennett-wix-next.vercel.app/_next/static/media/df0a9ae256c0569c-s.woff2]
[bennett-wix-next.vercel.app/_next/static/media/6d93bde91c0c2823-s.woff2]
[bennett-wix-next.vercel.app/_next/static/css/dbaca0ed66797db8.css]
[static.wixstatic.com/media/b037ac_4a76c28363e34ff2b45f64e96621e506_mv2.png/v1/fill/w_240,h_368,al_c,q_85,usm_0.66_1.00_0.01,enc_auto/Profile_edited.png]
[bennett-wix-next.vercel.app/_next/static/css/1b5d19eeadf69a6f.css]
[bennett-wix-next.vercel.app/_next/static/css/cf917a7f3aa8d49c.css]
[bennett-wix-next.vercel.app/_next/static/chunks/9dadc25a-d2363a959a8f44cf.js]
[bennett-wix-next.vercel.app/_next/static/chunks/426-da48b876f8eeeb27.js]
[bennett-wix-next.vercel.app/photos.html]
[bennett-wix-next.vercel.app/_next/static/chunks/app/photos/page-1a05afd0110e667e.js]
[bennett-wix-next.vercel.app/videos.html]
[bennett-wix-next.vercel.app/_next/static/chunks/app/videos/page-1cbc7ade3da10391.js]
[bennett-wix-next.vercel.app/figure.webp]
[bennett-wix-next.vercel.app/_next/static/chunks/app/modeling/page-6257daffaea4ef28.js]
[bennett-wix-next.vercel.app/video.mp4]
[bennett-wix-next.vercel.app/_next/image-2eec8.jpg]
[bennett-wix-next.vercel.app/_next/image-348d3.jpg]
[bennett-wix-next.vercel.app/_next/image-442d7.jpg]
[bennett-wix-next.vercel.app/_next/image-5f318.jpg]
[bennett-wix-next.vercel.app/_next/image-64225.jpg]
[bennett-wix-next.vercel.app/_next/image-735a6.jpg]
[bennett-wix-next.vercel.app/modeling.html]
[static.wixstatic.com/media/b037ac_cc140bf80fdf4f1bbe9d98700c855627_mv2.png/v1/fill/w_880,h_497,al_c,q_90,usm_0.66_1.00_0.01,enc_auto/Untitled_1_3_edited.png]
[bennett-wix-next.vercel.app/about.html]
[bennett-wix-next.vercel.app/_next/static/css/1b5d19eeadf69a6f.css]
[bennett-wix-next.vercel.app/_next/static/css/cf917a7f3aa8d49c.css]
[bennett-wix-next.vercel.app/_next/static/chunks/app/about/page-488bfdfe998b4992.js]
